bash-3.2$ pwd
/Users/elizabethfinto
bash-3.2$ cd Desktop/
bash-3.2$ ls
1.raw                                           you-will-survive-this-RTP-FINAL.pdf
2.raw                                           ~$ Digital Identity Part 2.docx
3.raw                                           ~$17 BIOL 128 Syllabus.docx
4.raw                                           ~$MM Notes #2 -- AFTER SPRING BREAK.docx
5.bmp                                           ~$NG Ex. 1.10.docx
6.bmp                                           ~$OL 121 Abstract 1.docx
7 copy.jpg                                      ~$SC Lab #1.docx
8 copy.jpg                                      ~$dule 2 Graphs and Tables.docx
BMPs                                            ~$e Hateful Eight Notes.docx
Blue and Gray                                   ~$formative Speech Outline.docx
BwbtW.png                                       ~$gital Identity Activity.docx
Creative Coding                                 ~$idegroom Paper.docx
Dig. Approaches to Fine Art                     ~$itatio Paper Draft.docx
Gender and Communication                        ~$itial Argument Speech .docx
Important                                       ~$man Geography Notes 2.docx
Psycholinguistics                               ~$mmemorative Speech Outline.docx
QvAfG.png                                       ~$moir Final.docx
Tinkering, Hacking, and Making                  ~$nder and Communication In-Class Notes.docx
baby.png                                        ~$per #1 Fun Home + Angelhead.docx
beach.png                                       ~$per #1 Works Cited.docx
mGlK9.png                                       ~$per #2 Land + Bauby.docx
out copy 2.png                                  ~$per #2 Works Cited.docx
out copy 3.png                                  ~$rtin Scorsese Auteur.docx
out copy 4.png                                  ~$tivEngine Credit Cards Possible Article.docx
out copy 5.png                                  ~$troductory Speech.docx
out copy.png                                    ~$urnal 1 IDIS.docx
out.png
bash-3.2$ cd BMPs/
bash-3.2$ ls
10.bmp          12.bmp          14.bmp          8.bmp           Untitled_2.bmp
10copy.jpg      13.bmp          14copy.jpg      9.bmp           lindapix_3.bmp
11.bmp          13copy.jpg      7.bmp           9copy.jpg       pixelsort
bash-3.2$ cd pixelsort
bash-3.2$ ls
LICENSE                 argparams.py            interval.py             sorter.py
README.md               constants.py            pixelsort.py            sorting.py
__pycache__             examples                requirements.txt        util.py
bash-3.2$ python pixelsort.py
usage: pixelsort.py [-h] [-o OUTPUT] [-i INT_FUNCTION] [-f INT_FILE] [-t THRESHOLD] [-u UPPER_THRESHOLD] [-c CLENGTH]
                    [-a ANGLE] [-r RANDOMNESS] [-s SORTING_FUNCTION]
                    image
pixelsort.py: error: the following arguments are required: image
bash-3.2$ python pixelsort.py ../13copy.jpg -o ../swing.png -a 90 -i threshold -s lightness
Interval function:  threshold
Lower threshold:  0.25
Upper threshold:  0.8
Randomness:  0 %
Opening image...
Converting to RGBA...
Rotating image...
Getting data...
Getting pixels...
Determining intervals...
Defining intervals...
Sorting pixels...
Placing pixels in output image...
Rotating output image back to original orientation...
Crop image to apropriate size...
Saving image...
Done! ../swing.png
bash-3.2$ python pixelsort.py ../13copy.jpg -o ../swing.png -a 180 -i threshold -s intensity
Interval function:  threshold
Lower threshold:  0.25
Upper threshold:  0.8
Randomness:  0 %
Opening image...
Converting to RGBA...
Rotating image...
Getting data...
Getting pixels...
Determining intervals...
Defining intervals...
Sorting pixels...
Placing pixels in output image...
Rotating output image back to original orientation...
Crop image to apropriate size...
Saving image...
Done! ../swing.png
bash-3.2$ python pixelsort.py ../12copy.jpg -o ../bath.png -a 90 -i threshold -s saturation
Interval function:  threshold
Lower threshold:  0.25
Upper threshold:  0.8
Randomness:  0 %
Opening image...
Converting to RGBA...
Rotating image...
Getting data...
Getting pixels...
Determining intervals...
Defining intervals...
Sorting pixels...
Placing pixels in output image...
Rotating output image back to original orientation...
Crop image to apropriate size...
Saving image...
Done! ../bath.png
bash-3.2$ python pixelsort.py ../12copy.jpg -o ../bath.png -a 200 -i threshold -s intensity
Interval function:  threshold
Lower threshold:  0.25
Upper threshold:  0.8
Randomness:  0 %
Opening image...
Converting to RGBA...
Rotating image...
Getting data...
Getting pixels...
Determining intervals...
Defining intervals...
Sorting pixels...
Placing pixels in output image...
Rotating output image back to original orientation...
Crop image to apropriate size...
Saving image...
Done! ../bath.png
bash-3.2$ python pixelsort.py ../house.jpg -o ../home.png -a 180 -i threshold -s saturation
Interval function:  threshold
Lower threshold:  0.25
Upper threshold:  0.8
Randomness:  0 %
Opening image...
Converting to RGBA...
Rotating image...
Getting data...
Getting pixels...
Determining intervals...
Defining intervals...
Sorting pixels...
Placing pixels in output image...
Rotating output image back to original orientation...
Crop image to apropriate size...
Saving image...
Done! ../home.png
bash-3.2$ python pixelsort.py ../house.jpg -o ../home.png -a 90 -i threshold -s intensity
Interval function:  threshold
Lower threshold:  0.25
Upper threshold:  0.8
Randomness:  0 %
Opening image...
Converting to RGBA...
Rotating image...
Getting data...
Getting pixels...
Determining intervals...
Defining intervals...
Sorting pixels...
Placing pixels in output image...
Rotating output image back to original orientation...
Crop image to apropriate size...
Saving image...
Done! ../home.png
bash-3.2$ python pixelsort.py ../house.jpg -o ../home.png -a 90 -i threshold -s lightness
Interval function:  threshold
Lower threshold:  0.25
Upper threshold:  0.8
Randomness:  0 %
Opening image...
Converting to RGBA...
Rotating image...
Getting data...
Getting pixels...
Determining intervals...
Defining intervals...
Sorting pixels...
Placing pixels in output image...
Rotating output image back to original orientation...
Crop image to apropriate size...
Saving image...
Done! ../home.png
bash-3.2$  python pixelsort.py ../203.jpg -o ../run.png -a 90 -i threshold -s saturation
Interval function:  threshold
Lower threshold:  0.25
Upper threshold:  0.8
Randomness:  0 %
Opening image...
Traceback (most recent call last):
  File "pixelsort.py", line 56, in <module>
    main()
  File "pixelsort.py", line 12, in main
    input_img = Image.open(argparams.image_input_path)
  File "/anaconda3/lib/python3.6/site-packages/PIL/Image.py", line 2548, in open
    fp = builtins.open(filename, "rb")
FileNotFoundError: [Errno 2] No such file or directory: '../203.jpg'
bash-3.2$ python pixelsort.py ../203.jpg -o ../run.png -a 90 -i threshold -s saturation
Interval function:  threshold
Lower threshold:  0.25
Upper threshold:  0.8
Randomness:  0 %
Opening image...
Converting to RGBA...
Rotating image...
Getting data...
Getting pixels...
Determining intervals...
Defining intervals...
Sorting pixels...
Placing pixels in output image...
Rotating output image back to original orientation...
Crop image to apropriate size...
Saving image...
Done! ../run.png
bash-3.2$ python pixelsort.py ../203.jpg -o ../run.png -a 90 -i threshold -s lightness
Interval function:  threshold
Lower threshold:  0.25
Upper threshold:  0.8
Randomness:  0 %
Opening image...
Converting to RGBA...
Rotating image...
Getting data...
Getting pixels...
Determining intervals...
Defining intervals...
Sorting pixels...
Placing pixels in output image...
Rotating output image back to original orientation...
Crop image to apropriate size...
Saving image...
Done! ../run.png
bash-3.2$ python pixelsort.py ../203.jpg -o ../run.png -a 90 -i threshold -s intensity
Interval function:  threshold
Lower threshold:  0.25
Upper threshold:  0.8
Randomness:  0 %
Opening image...
Converting to RGBA...
Rotating image...
Getting data...
Getting pixels...
Determining intervals...
Defining intervals...
Sorting pixels...
Placing pixels in output image...
Rotating output image back to original orientation...
Crop image to apropriate size...
Saving image...
Done! ../run.png
bash-3.2$ python pixelsort.py ../molly.jpg -o ../dog.png -a 180 -i threshold -s saturation
Interval function:  threshold
Lower threshold:  0.25
Upper threshold:  0.8
Randomness:  0 %
Opening image...
Converting to RGBA...
Rotating image...
Getting data...
Getting pixels...
Determining intervals...
Defining intervals...
Sorting pixels...
Placing pixels in output image...
Rotating output image back to original orientation...
Crop image to apropriate size...
Saving image...
Done! ../dog.png
bash-3.2$
